[{"action":"NESTED","key":"common","value":[{"action":"+","key":"follow","value":false},{"action":"","key":"setting1","value":"Value 1"},{"action":"-","key":"setting2","value":200},{"action":"-+","key":"setting3","value":true,"newValue":null},{"action":"+","key":"setting4","value":"blah blah"},{"action":"+","key":"setting5","value":{"key5":"value5"}},{"action":"NESTED","key":"setting6","value":[{"action":"NESTED","key":"doge","value":[{"action":"-+","key":"wow","value":"","newValue":"so much"}]},{"action":"","key":"key","value":"value"},{"action":"+","key":"ops","value":"vops"}]}]},{"action":"NESTED","key":"group1","value":[{"action":"-+","key":"baz","value":"bas","newValue":"bars"},{"action":"","key":"foo","value":"bar"},{"action":"-+","key":"nest","value":{"key":"value"},"newValue":"str"}]},{"action":"-","key":"group2","value":{"abc":12345,"deep":{"id":45}}},{"action":"+","key":"group3","value":{"fee":100500,"deep":{"id":{"number":45}}}}]